Exword dictionary tool.
Type 'help' for a list of commands.
>> connecting to device...done
\_INTERNAL_00\ >> Model: gy131,ON,0100
Sub: gy355
\_INTERNAL_00\ >> Model: gy131,ON,0100
Sub: gy355
\_INTERNAL_00\ >> Model: gy131,ON,0100
Sub: gy355
\_INTERNAL_00\ >> Model: gy131,ON,0100
Sub: gy355
\_INTERNAL_00\ >> Model: gy131,ON,0100
Sub: gy355
\_INTERNAL_00\ >> Model: gy131,ON,0100
Sub: gy355
\_INTERNAL_00\ >> Model: gy131,ON,0100
Sub: gy355
\_INTERNAL_00\ >> Model: gy131,ON,0100
Sub: gy355
\_INTERNAL_00\ >> Model: gy131,ON,0100
Sub: gy355
\_INTERNAL_00\ >> Model: gy131,ON,0100
Sub: gy355
\_INTERNAL_00\ >> Model: gy131,ON,0100
Sub: gy355
\_INTERNAL_00\ >> Model: gy131,ON,0100
Sub: gy355
\_INTERNAL_00\ >> 