Exword dictionary tool.
Type 'help' for a list of commands.
>> connecting to device...done
\_INTERNAL_00\ >> Model: gy131,ON,0100
Sub: gy355
\_INTERNAL_00\ >> <sys_bak>
fav.inf
line3.inf
drvvewer.inf
<data>
<cj900>
<cj900_01>
<cj900_02>
<cj900_03>
<cj900_04>
<cj900_05>
<cj901>
<cj901_01>
<cj901_02>
<cj901_03>
<cj901_04>
<cj901_05>
<stdy0>
<hyaku>
<numplace>
siorivi.inf
jpush.wrk
jlpush.wrk
temp.inf
OK, Success
\_INTERNAL_00\ >> Capacity: 52428800 / 52428800
\_INTERNAL_00\ >> uploading...OK, Success
\_INTERNAL_00\ >> <sys_bak>
fav.inf
line3.inf
drvvewer.inf
<data>
<cj900>
<cj900_01>
<cj900_02>
<cj900_03>
<cj900_04>
<cj900_05>
<cj901>
<cj901_01>
<cj901_02>
<cj901_03>
<cj901_04>
<cj901_05>
<stdy0>
<hyaku>
<numplace>
siorivi.inf
jpush.wrk
jlpush.wrk
hello.txt
dlname.inf
temp.inf
OK, Success
\_INTERNAL_00\ >> Capacity: 52428800 / 52420800
\_INTERNAL_00\ >> Model: gy131,ON,0100
Sub: gy355
\_INTERNAL_00\ >> Model: gy131,ON,0100
Sub: gy355
\_INTERNAL_00\ >> downloading...OK, Success
\_INTERNAL_00\ >> downloading...OK, Success
\_INTERNAL_00\ >> Model: gy131,ON,0100
Sub: gy355
\_INTERNAL_00\ >> uploading...OK, Success
\_INTERNAL_00\ >> <sys_bak>
fav.inf
line3.inf
drvvewer.inf
<data>
<cj900>
<cj900_01>
<cj900_02>
<cj900_03>
<cj900_04>
<cj900_05>
<cj901>
<cj901_01>
<cj901_02>
<cj901_03>
<cj901_04>
<cj901_05>
<stdy0>
<hyaku>
<numplace>
siorivi.inf
jpush.wrk
jlpush.wrk
hello.txt
dlname.inf
hello2.txt
temp.inf
OK, Success
\_INTERNAL_00\ >> Capacity: 52428800 / 52416800
\_INTERNAL_00\ >> Model: gy131,ON,0100
Sub: gy355
\_INTERNAL_00\ >> downloading...OK, Success
\_INTERNAL_00\ >> Model: gy131,ON,0100
Sub: gy355
\_INTERNAL_00\ >> 